running egg_info
writing ../../build/icp_package/icp_package.egg-info/PKG-INFO
writing dependency_links to ../../build/icp_package/icp_package.egg-info/dependency_links.txt
writing entry points to ../../build/icp_package/icp_package.egg-info/entry_points.txt
writing requirements to ../../build/icp_package/icp_package.egg-info/requires.txt
writing top-level names to ../../build/icp_package/icp_package.egg-info/top_level.txt
reading manifest file '../../build/icp_package/icp_package.egg-info/SOURCES.txt'
writing manifest file '../../build/icp_package/icp_package.egg-info/SOURCES.txt'
running build
running build_py
copying icp_package/scan_merge.py -> /home/t103/ros2_ws/build/icp_package/build/lib/icp_package
running install
running install_lib
copying /home/t103/ros2_ws/build/icp_package/build/lib/icp_package/scan_merge.py -> /home/t103/ros2_ws/install/icp_package/lib/python3.12/site-packages/icp_package
byte-compiling /home/t103/ros2_ws/install/icp_package/lib/python3.12/site-packages/icp_package/scan_merge.py to scan_merge.cpython-312.pyc
running install_data
running install_egg_info
removing '/home/t103/ros2_ws/install/icp_package/lib/python3.12/site-packages/icp_package-0.0.0-py3.12.egg-info' (and everything under it)
Copying ../../build/icp_package/icp_package.egg-info to /home/t103/ros2_ws/install/icp_package/lib/python3.12/site-packages/icp_package-0.0.0-py3.12.egg-info
running install_scripts
Installing scan_match script to /home/t103/ros2_ws/install/icp_package/lib/icp_package
Installing scan_merge script to /home/t103/ros2_ws/install/icp_package/lib/icp_package
writing list of installed files to '/home/t103/ros2_ws/build/icp_package/install.log'
