[0.524s] Invoking command in '/home/t103/ros2_ws/src/tb3_yaw_fusion': DEBUGINFOD_URLS=https://debuginfod.ubuntu.com PYTHONPATH=/home/t103/ros2_ws/src/build/tb3_yaw_fusion/prefix_override:/usr/lib/python3/dist-packages/colcon_core/task/python/colcon_distutils_commands:/home/t103/ros2_ws/src/install/tb3_yaw_fusion/lib/python3.12/site-packages:${PYTHONPATH} /usr/bin/python3 -W ignore:setup.py install is deprecated -W ignore:easy_install command is deprecated setup.py egg_info --egg-base ../build/tb3_yaw_fusion build --build-base /home/t103/ros2_ws/src/build/tb3_yaw_fusion/build install --record /home/t103/ros2_ws/src/build/tb3_yaw_fusion/install.log --install-scripts $base/lib/tb3_yaw_fusion --single-version-externally-managed install_data
[0.696s] running egg_info
[0.696s] creating ../build/tb3_yaw_fusion/tb3_yaw_fusion.egg-info
[0.708s] writing ../build/tb3_yaw_fusion/tb3_yaw_fusion.egg-info/PKG-INFO
[0.708s] writing dependency_links to ../build/tb3_yaw_fusion/tb3_yaw_fusion.egg-info/dependency_links.txt
[0.708s] writing entry points to ../build/tb3_yaw_fusion/tb3_yaw_fusion.egg-info/entry_points.txt
[0.708s] writing requirements to ../build/tb3_yaw_fusion/tb3_yaw_fusion.egg-info/requires.txt
[0.708s] writing top-level names to ../build/tb3_yaw_fusion/tb3_yaw_fusion.egg-info/top_level.txt
[0.708s] writing manifest file '../build/tb3_yaw_fusion/tb3_yaw_fusion.egg-info/SOURCES.txt'
[0.732s] reading manifest file '../build/tb3_yaw_fusion/tb3_yaw_fusion.egg-info/SOURCES.txt'
[0.732s] writing manifest file '../build/tb3_yaw_fusion/tb3_yaw_fusion.egg-info/SOURCES.txt'
[0.733s] running build
[0.733s] running build_py
[0.733s] creating /home/t103/ros2_ws/src/build/tb3_yaw_fusion/build
[0.733s] creating /home/t103/ros2_ws/src/build/tb3_yaw_fusion/build/lib
[0.733s] creating /home/t103/ros2_ws/src/build/tb3_yaw_fusion/build/lib/tb3_yaw_fusion
[0.733s] copying tb3_yaw_fusion/__init__.py -> /home/t103/ros2_ws/src/build/tb3_yaw_fusion/build/lib/tb3_yaw_fusion
[0.733s] copying tb3_yaw_fusion/imu_yaw_integrator.py -> /home/t103/ros2_ws/src/build/tb3_yaw_fusion/build/lib/tb3_yaw_fusion
[0.733s] running install
[0.737s] running install_lib
[0.749s] creating /home/t103/ros2_ws/src/install/tb3_yaw_fusion/lib/python3.12/site-packages/tb3_yaw_fusion
[0.749s] copying /home/t103/ros2_ws/src/build/tb3_yaw_fusion/build/lib/tb3_yaw_fusion/__init__.py -> /home/t103/ros2_ws/src/install/tb3_yaw_fusion/lib/python3.12/site-packages/tb3_yaw_fusion
[0.749s] copying /home/t103/ros2_ws/src/build/tb3_yaw_fusion/build/lib/tb3_yaw_fusion/imu_yaw_integrator.py -> /home/t103/ros2_ws/src/install/tb3_yaw_fusion/lib/python3.12/site-packages/tb3_yaw_fusion
[0.749s] byte-compiling /home/t103/ros2_ws/src/install/tb3_yaw_fusion/lib/python3.12/site-packages/tb3_yaw_fusion/__init__.py to __init__.cpython-312.pyc
[0.749s] byte-compiling /home/t103/ros2_ws/src/install/tb3_yaw_fusion/lib/python3.12/site-packages/tb3_yaw_fusion/imu_yaw_integrator.py to imu_yaw_integrator.cpython-312.pyc
[0.750s] running install_data
[0.750s] creating /home/t103/ros2_ws/src/install/tb3_yaw_fusion/share/ament_index
[0.750s] creating /home/t103/ros2_ws/src/install/tb3_yaw_fusion/share/ament_index/resource_index
[0.750s] creating /home/t103/ros2_ws/src/install/tb3_yaw_fusion/share/ament_index/resource_index/packages
[0.750s] copying resource/tb3_yaw_fusion -> /home/t103/ros2_ws/src/install/tb3_yaw_fusion/share/ament_index/resource_index/packages
[0.750s] copying package.xml -> /home/t103/ros2_ws/src/install/tb3_yaw_fusion/share/tb3_yaw_fusion
[0.750s] running install_egg_info
[0.762s] Copying ../build/tb3_yaw_fusion/tb3_yaw_fusion.egg-info to /home/t103/ros2_ws/src/install/tb3_yaw_fusion/lib/python3.12/site-packages/tb3_yaw_fusion-0.0.0-py3.12.egg-info
[0.762s] running install_scripts
[0.843s] Installing listener script to /home/t103/ros2_ws/src/install/tb3_yaw_fusion/lib/tb3_yaw_fusion
[0.843s] writing list of installed files to '/home/t103/ros2_ws/src/build/tb3_yaw_fusion/install.log'
[0.863s] Invoked command in '/home/t103/ros2_ws/src/tb3_yaw_fusion' returned '0': DEBUGINFOD_URLS=https://debuginfod.ubuntu.com PYTHONPATH=/home/t103/ros2_ws/src/build/tb3_yaw_fusion/prefix_override:/usr/lib/python3/dist-packages/colcon_core/task/python/colcon_distutils_commands:/home/t103/ros2_ws/src/install/tb3_yaw_fusion/lib/python3.12/site-packages:${PYTHONPATH} /usr/bin/python3 -W ignore:setup.py install is deprecated -W ignore:easy_install command is deprecated setup.py egg_info --egg-base ../build/tb3_yaw_fusion build --build-base /home/t103/ros2_ws/src/build/tb3_yaw_fusion/build install --record /home/t103/ros2_ws/src/build/tb3_yaw_fusion/install.log --install-scripts $base/lib/tb3_yaw_fusion --single-version-externally-managed install_data
