[0.818s] Invoking command in '/home/t103/ros2_ws/src/tb3_yaw_fusion': DEBUGINFOD_URLS=https://debuginfod.ubuntu.com PYTHONPATH=/home/t103/ros2_ws/build/tb3_yaw_fusion/prefix_override:/usr/lib/python3/dist-packages/colcon_core/task/python/colcon_distutils_commands:/home/t103/ros2_ws/install/tb3_yaw_fusion/lib/python3.12/site-packages:${PYTHONPATH} /usr/bin/python3 -W ignore:setup.py install is deprecated -W ignore:easy_install command is deprecated setup.py egg_info --egg-base ../../build/tb3_yaw_fusion build --build-base /home/t103/ros2_ws/build/tb3_yaw_fusion/build install --record /home/t103/ros2_ws/build/tb3_yaw_fusion/install.log --install-scripts $base/lib/tb3_yaw_fusion --single-version-externally-managed install_data
[0.996s] running egg_info
[1.012s] writing ../../build/tb3_yaw_fusion/tb3_yaw_fusion.egg-info/PKG-INFO
[1.012s] writing dependency_links to ../../build/tb3_yaw_fusion/tb3_yaw_fusion.egg-info/dependency_links.txt
[1.013s] writing entry points to ../../build/tb3_yaw_fusion/tb3_yaw_fusion.egg-info/entry_points.txt
[1.013s] writing requirements to ../../build/tb3_yaw_fusion/tb3_yaw_fusion.egg-info/requires.txt
[1.013s] writing top-level names to ../../build/tb3_yaw_fusion/tb3_yaw_fusion.egg-info/top_level.txt
[1.047s] reading manifest file '../../build/tb3_yaw_fusion/tb3_yaw_fusion.egg-info/SOURCES.txt'
[1.049s] writing manifest file '../../build/tb3_yaw_fusion/tb3_yaw_fusion.egg-info/SOURCES.txt'
[1.049s] running build
[1.050s] running build_py
[1.050s] copying tb3_yaw_fusion/complementary_yaw_fusion.py -> /home/t103/ros2_ws/build/tb3_yaw_fusion/build/lib/tb3_yaw_fusion
[1.050s] running install
[1.054s] running install_lib
[1.066s] copying /home/t103/ros2_ws/build/tb3_yaw_fusion/build/lib/tb3_yaw_fusion/complementary_yaw_fusion.py -> /home/t103/ros2_ws/install/tb3_yaw_fusion/lib/python3.12/site-packages/tb3_yaw_fusion
[1.067s] byte-compiling /home/t103/ros2_ws/install/tb3_yaw_fusion/lib/python3.12/site-packages/tb3_yaw_fusion/complementary_yaw_fusion.py to complementary_yaw_fusion.cpython-312.pyc
[1.067s] running install_data
[1.067s] running install_egg_info
[1.080s] removing '/home/t103/ros2_ws/install/tb3_yaw_fusion/lib/python3.12/site-packages/tb3_yaw_fusion-0.0.0-py3.12.egg-info' (and everything under it)
[1.080s] Copying ../../build/tb3_yaw_fusion/tb3_yaw_fusion.egg-info to /home/t103/ros2_ws/install/tb3_yaw_fusion/lib/python3.12/site-packages/tb3_yaw_fusion-0.0.0-py3.12.egg-info
[1.081s] running install_scripts
[1.165s] Installing complementary_yaw_fusion script to /home/t103/ros2_ws/install/tb3_yaw_fusion/lib/tb3_yaw_fusion
[1.165s] Installing imu_listener script to /home/t103/ros2_ws/install/tb3_yaw_fusion/lib/tb3_yaw_fusion
[1.166s] Installing odom_listener script to /home/t103/ros2_ws/install/tb3_yaw_fusion/lib/tb3_yaw_fusion
[1.166s] writing list of installed files to '/home/t103/ros2_ws/build/tb3_yaw_fusion/install.log'
[1.188s] Invoked command in '/home/t103/ros2_ws/src/tb3_yaw_fusion' returned '0': DEBUGINFOD_URLS=https://debuginfod.ubuntu.com PYTHONPATH=/home/t103/ros2_ws/build/tb3_yaw_fusion/prefix_override:/usr/lib/python3/dist-packages/colcon_core/task/python/colcon_distutils_commands:/home/t103/ros2_ws/install/tb3_yaw_fusion/lib/python3.12/site-packages:${PYTHONPATH} /usr/bin/python3 -W ignore:setup.py install is deprecated -W ignore:easy_install command is deprecated setup.py egg_info --egg-base ../../build/tb3_yaw_fusion build --build-base /home/t103/ros2_ws/build/tb3_yaw_fusion/build install --record /home/t103/ros2_ws/build/tb3_yaw_fusion/install.log --install-scripts $base/lib/tb3_yaw_fusion --single-version-externally-managed install_data
