[0.622s] Invoking command in '/home/t103/ros2_ws/src/icp_package': DEBUGINFOD_URLS=https://debuginfod.ubuntu.com PYTHONPATH=/home/t103/ros2_ws/build/icp_package/prefix_override:/usr/lib/python3/dist-packages/colcon_core/task/python/colcon_distutils_commands:/home/t103/ros2_ws/install/icp_package/lib/python3.12/site-packages:${PYTHONPATH} /usr/bin/python3 -W ignore:setup.py install is deprecated -W ignore:easy_install command is deprecated setup.py egg_info --egg-base ../../build/icp_package build --build-base /home/t103/ros2_ws/build/icp_package/build install --record /home/t103/ros2_ws/build/icp_package/install.log --install-scripts $base/lib/icp_package --single-version-externally-managed install_data
[0.802s] running egg_info
[0.815s] writing ../../build/icp_package/icp_package.egg-info/PKG-INFO
[0.815s] writing dependency_links to ../../build/icp_package/icp_package.egg-info/dependency_links.txt
[0.815s] writing entry points to ../../build/icp_package/icp_package.egg-info/entry_points.txt
[0.815s] writing requirements to ../../build/icp_package/icp_package.egg-info/requires.txt
[0.815s] writing top-level names to ../../build/icp_package/icp_package.egg-info/top_level.txt
[0.840s] reading manifest file '../../build/icp_package/icp_package.egg-info/SOURCES.txt'
[0.841s] writing manifest file '../../build/icp_package/icp_package.egg-info/SOURCES.txt'
[0.841s] running build
[0.841s] running build_py
[0.841s] copying icp_package/scan_match.py -> /home/t103/ros2_ws/build/icp_package/build/lib/icp_package
[0.841s] running install
[0.846s] running install_lib
[0.858s] copying /home/t103/ros2_ws/build/icp_package/build/lib/icp_package/scan_match.py -> /home/t103/ros2_ws/install/icp_package/lib/python3.12/site-packages/icp_package
[0.858s] byte-compiling /home/t103/ros2_ws/install/icp_package/lib/python3.12/site-packages/icp_package/scan_match.py to scan_match.cpython-312.pyc
[0.860s] running install_data
[0.860s] running install_egg_info
[0.874s] removing '/home/t103/ros2_ws/install/icp_package/lib/python3.12/site-packages/icp_package-0.0.0-py3.12.egg-info' (and everything under it)
[0.874s] Copying ../../build/icp_package/icp_package.egg-info to /home/t103/ros2_ws/install/icp_package/lib/python3.12/site-packages/icp_package-0.0.0-py3.12.egg-info
[0.874s] running install_scripts
[0.962s] Installing scan_match script to /home/t103/ros2_ws/install/icp_package/lib/icp_package
[0.962s] Installing scan_merge script to /home/t103/ros2_ws/install/icp_package/lib/icp_package
[0.962s] writing list of installed files to '/home/t103/ros2_ws/build/icp_package/install.log'
[0.983s] Invoked command in '/home/t103/ros2_ws/src/icp_package' returned '0': DEBUGINFOD_URLS=https://debuginfod.ubuntu.com PYTHONPATH=/home/t103/ros2_ws/build/icp_package/prefix_override:/usr/lib/python3/dist-packages/colcon_core/task/python/colcon_distutils_commands:/home/t103/ros2_ws/install/icp_package/lib/python3.12/site-packages:${PYTHONPATH} /usr/bin/python3 -W ignore:setup.py install is deprecated -W ignore:easy_install command is deprecated setup.py egg_info --egg-base ../../build/icp_package build --build-base /home/t103/ros2_ws/build/icp_package/build install --record /home/t103/ros2_ws/build/icp_package/install.log --install-scripts $base/lib/icp_package --single-version-externally-managed install_data
