[0.834s] Invoking command in '/home/t103/ros2_ws/src/icp_package': DEBUGINFOD_URLS=https://debuginfod.ubuntu.com PYTHONPATH=/home/t103/ros2_ws/build/icp_package/prefix_override:/usr/lib/python3/dist-packages/colcon_core/task/python/colcon_distutils_commands:/home/t103/ros2_ws/install/icp_package/lib/python3.12/site-packages:${PYTHONPATH} /usr/bin/python3 -W ignore:setup.py install is deprecated -W ignore:easy_install command is deprecated setup.py egg_info --egg-base ../../build/icp_package build --build-base /home/t103/ros2_ws/build/icp_package/build install --record /home/t103/ros2_ws/build/icp_package/install.log --install-scripts $base/lib/icp_package --single-version-externally-managed install_data
[1.010s] running egg_info
[1.010s] creating ../../build/icp_package/icp_package.egg-info
[1.022s] writing ../../build/icp_package/icp_package.egg-info/PKG-INFO
[1.022s] writing dependency_links to ../../build/icp_package/icp_package.egg-info/dependency_links.txt
[1.022s] writing entry points to ../../build/icp_package/icp_package.egg-info/entry_points.txt
[1.022s] writing requirements to ../../build/icp_package/icp_package.egg-info/requires.txt
[1.023s] writing top-level names to ../../build/icp_package/icp_package.egg-info/top_level.txt
[1.023s] writing manifest file '../../build/icp_package/icp_package.egg-info/SOURCES.txt'
[1.046s] reading manifest file '../../build/icp_package/icp_package.egg-info/SOURCES.txt'
[1.047s] writing manifest file '../../build/icp_package/icp_package.egg-info/SOURCES.txt'
[1.047s] running build
[1.047s] running build_py
[1.048s] creating /home/t103/ros2_ws/build/icp_package/build
[1.048s] creating /home/t103/ros2_ws/build/icp_package/build/lib
[1.048s] creating /home/t103/ros2_ws/build/icp_package/build/lib/icp_package
[1.048s] copying icp_package/scan_match.py -> /home/t103/ros2_ws/build/icp_package/build/lib/icp_package
[1.048s] copying icp_package/utils.py -> /home/t103/ros2_ws/build/icp_package/build/lib/icp_package
[1.048s] copying icp_package/__init__.py -> /home/t103/ros2_ws/build/icp_package/build/lib/icp_package
[1.048s] copying icp_package/scan_merge.py -> /home/t103/ros2_ws/build/icp_package/build/lib/icp_package
[1.048s] running install
[1.052s] running install_lib
[1.064s] creating /home/t103/ros2_ws/install/icp_package/lib/python3.12/site-packages/icp_package
[1.064s] copying /home/t103/ros2_ws/build/icp_package/build/lib/icp_package/scan_match.py -> /home/t103/ros2_ws/install/icp_package/lib/python3.12/site-packages/icp_package
[1.064s] copying /home/t103/ros2_ws/build/icp_package/build/lib/icp_package/utils.py -> /home/t103/ros2_ws/install/icp_package/lib/python3.12/site-packages/icp_package
[1.064s] copying /home/t103/ros2_ws/build/icp_package/build/lib/icp_package/__init__.py -> /home/t103/ros2_ws/install/icp_package/lib/python3.12/site-packages/icp_package
[1.064s] copying /home/t103/ros2_ws/build/icp_package/build/lib/icp_package/scan_merge.py -> /home/t103/ros2_ws/install/icp_package/lib/python3.12/site-packages/icp_package
[1.065s] byte-compiling /home/t103/ros2_ws/install/icp_package/lib/python3.12/site-packages/icp_package/scan_match.py to scan_match.cpython-312.pyc
[1.066s] byte-compiling /home/t103/ros2_ws/install/icp_package/lib/python3.12/site-packages/icp_package/utils.py to utils.cpython-312.pyc
[1.066s] byte-compiling /home/t103/ros2_ws/install/icp_package/lib/python3.12/site-packages/icp_package/__init__.py to __init__.cpython-312.pyc
[1.066s] byte-compiling /home/t103/ros2_ws/install/icp_package/lib/python3.12/site-packages/icp_package/scan_merge.py to scan_merge.cpython-312.pyc
[1.067s] running install_data
[1.067s] creating /home/t103/ros2_ws/install/icp_package/share/ament_index
[1.067s] creating /home/t103/ros2_ws/install/icp_package/share/ament_index/resource_index
[1.068s] creating /home/t103/ros2_ws/install/icp_package/share/ament_index/resource_index/packages
[1.068s] copying resource/icp_package -> /home/t103/ros2_ws/install/icp_package/share/ament_index/resource_index/packages
[1.068s] copying package.xml -> /home/t103/ros2_ws/install/icp_package/share/icp_package
[1.068s] running install_egg_info
[1.080s] Copying ../../build/icp_package/icp_package.egg-info to /home/t103/ros2_ws/install/icp_package/lib/python3.12/site-packages/icp_package-0.0.0-py3.12.egg-info
[1.081s] running install_scripts
[1.164s] Installing scan_match script to /home/t103/ros2_ws/install/icp_package/lib/icp_package
[1.164s] Installing scan_merge script to /home/t103/ros2_ws/install/icp_package/lib/icp_package
[1.165s] writing list of installed files to '/home/t103/ros2_ws/build/icp_package/install.log'
[1.185s] Invoked command in '/home/t103/ros2_ws/src/icp_package' returned '0': DEBUGINFOD_URLS=https://debuginfod.ubuntu.com PYTHONPATH=/home/t103/ros2_ws/build/icp_package/prefix_override:/usr/lib/python3/dist-packages/colcon_core/task/python/colcon_distutils_commands:/home/t103/ros2_ws/install/icp_package/lib/python3.12/site-packages:${PYTHONPATH} /usr/bin/python3 -W ignore:setup.py install is deprecated -W ignore:easy_install command is deprecated setup.py egg_info --egg-base ../../build/icp_package build --build-base /home/t103/ros2_ws/build/icp_package/build install --record /home/t103/ros2_ws/build/icp_package/install.log --install-scripts $base/lib/icp_package --single-version-externally-managed install_data
