[0.576s] Invoking command in '/home/t103/ros2_ws/src/icp_package': DEBUGINFOD_URLS=https://debuginfod.ubuntu.com PYTHONPATH=/home/t103/ros2_ws/build/icp_package/prefix_override:/usr/lib/python3/dist-packages/colcon_core/task/python/colcon_distutils_commands:/home/t103/ros2_ws/install/icp_package/lib/python3.12/site-packages:${PYTHONPATH} /usr/bin/python3 -W ignore:setup.py install is deprecated -W ignore:easy_install command is deprecated setup.py egg_info --egg-base ../../build/icp_package build --build-base /home/t103/ros2_ws/build/icp_package/build install --record /home/t103/ros2_ws/build/icp_package/install.log --install-scripts $base/lib/icp_package --single-version-externally-managed install_data
[0.766s] running egg_info
[0.778s] writing ../../build/icp_package/icp_package.egg-info/PKG-INFO
[0.778s] writing dependency_links to ../../build/icp_package/icp_package.egg-info/dependency_links.txt
[0.779s] writing entry points to ../../build/icp_package/icp_package.egg-info/entry_points.txt
[0.779s] writing requirements to ../../build/icp_package/icp_package.egg-info/requires.txt
[0.779s] writing top-level names to ../../build/icp_package/icp_package.egg-info/top_level.txt
[0.803s] reading manifest file '../../build/icp_package/icp_package.egg-info/SOURCES.txt'
[0.804s] writing manifest file '../../build/icp_package/icp_package.egg-info/SOURCES.txt'
[0.804s] running build
[0.804s] running build_py
[0.805s] copying icp_package/scan_match.py -> /home/t103/ros2_ws/build/icp_package/build/lib/icp_package
[0.805s] running install
[0.809s] running install_lib
[0.822s] copying /home/t103/ros2_ws/build/icp_package/build/lib/icp_package/scan_match.py -> /home/t103/ros2_ws/install/icp_package/lib/python3.12/site-packages/icp_package
[0.822s] byte-compiling /home/t103/ros2_ws/install/icp_package/lib/python3.12/site-packages/icp_package/scan_match.py to scan_match.cpython-312.pyc
[0.824s] running install_data
[0.824s] running install_egg_info
[0.837s] removing '/home/t103/ros2_ws/install/icp_package/lib/python3.12/site-packages/icp_package-0.0.0-py3.12.egg-info' (and everything under it)
[0.838s] Copying ../../build/icp_package/icp_package.egg-info to /home/t103/ros2_ws/install/icp_package/lib/python3.12/site-packages/icp_package-0.0.0-py3.12.egg-info
[0.838s] running install_scripts
[0.925s] Installing scan_match script to /home/t103/ros2_ws/install/icp_package/lib/icp_package
[0.926s] Installing scan_merge script to /home/t103/ros2_ws/install/icp_package/lib/icp_package
[0.926s] writing list of installed files to '/home/t103/ros2_ws/build/icp_package/install.log'
[0.947s] Invoked command in '/home/t103/ros2_ws/src/icp_package' returned '0': DEBUGINFOD_URLS=https://debuginfod.ubuntu.com PYTHONPATH=/home/t103/ros2_ws/build/icp_package/prefix_override:/usr/lib/python3/dist-packages/colcon_core/task/python/colcon_distutils_commands:/home/t103/ros2_ws/install/icp_package/lib/python3.12/site-packages:${PYTHONPATH} /usr/bin/python3 -W ignore:setup.py install is deprecated -W ignore:easy_install command is deprecated setup.py egg_info --egg-base ../../build/icp_package build --build-base /home/t103/ros2_ws/build/icp_package/build install --record /home/t103/ros2_ws/build/icp_package/install.log --install-scripts $base/lib/icp_package --single-version-externally-managed install_data
