/home/t103/ros2_ws/install/icp_package/lib/python3.12/site-packages/icp_package/scan_match.py
/home/t103/ros2_ws/install/icp_package/lib/python3.12/site-packages/icp_package/utils.py
/home/t103/ros2_ws/install/icp_package/lib/python3.12/site-packages/icp_package/__init__.py
/home/t103/ros2_ws/install/icp_package/lib/python3.12/site-packages/icp_package/scan_merge.py
/home/t103/ros2_ws/install/icp_package/lib/python3.12/site-packages/icp_package/hw6_all/particle_filter_main.py
/home/t103/ros2_ws/install/icp_package/lib/python3.12/site-packages/icp_package/hw6_all/__init__.py
/home/t103/ros2_ws/install/icp_package/lib/python3.12/site-packages/icp_package/hw6_all/test.py
/home/t103/ros2_ws/install/icp_package/lib/python3.12/site-packages/icp_package/hw5_all/__init__.py
/home/t103/ros2_ws/install/icp_package/lib/python3.12/site-packages/icp_package/hw5_all/OGM_files/occupancy_grid_mapping_log_odds_main.py
/home/t103/ros2_ws/install/icp_package/lib/python3.12/site-packages/icp_package/hw5_all/OGM_files/utils.py
/home/t103/ros2_ws/install/icp_package/lib/python3.12/site-packages/icp_package/hw5_all/OGM_files/__init__.py
/home/t103/ros2_ws/install/icp_package/lib/python3.12/site-packages/icp_package/hw5_all/OGM_files/log_odds_sim.py
/home/t103/ros2_ws/install/icp_package/lib/python3.12/site-packages/icp_package/__pycache__/scan_match.cpython-312.pyc
/home/t103/ros2_ws/install/icp_package/lib/python3.12/site-packages/icp_package/__pycache__/utils.cpython-312.pyc
/home/t103/ros2_ws/install/icp_package/lib/python3.12/site-packages/icp_package/__pycache__/__init__.cpython-312.pyc
/home/t103/ros2_ws/install/icp_package/lib/python3.12/site-packages/icp_package/__pycache__/scan_merge.cpython-312.pyc
/home/t103/ros2_ws/install/icp_package/lib/python3.12/site-packages/icp_package/hw6_all/__pycache__/particle_filter_main.cpython-312.pyc
/home/t103/ros2_ws/install/icp_package/lib/python3.12/site-packages/icp_package/hw6_all/__pycache__/__init__.cpython-312.pyc
/home/t103/ros2_ws/install/icp_package/lib/python3.12/site-packages/icp_package/hw6_all/__pycache__/test.cpython-312.pyc
/home/t103/ros2_ws/install/icp_package/lib/python3.12/site-packages/icp_package/hw5_all/__pycache__/__init__.cpython-312.pyc
/home/t103/ros2_ws/install/icp_package/lib/python3.12/site-packages/icp_package/hw5_all/OGM_files/__pycache__/occupancy_grid_mapping_log_odds_main.cpython-312.pyc
/home/t103/ros2_ws/install/icp_package/lib/python3.12/site-packages/icp_package/hw5_all/OGM_files/__pycache__/utils.cpython-312.pyc
/home/t103/ros2_ws/install/icp_package/lib/python3.12/site-packages/icp_package/hw5_all/OGM_files/__pycache__/__init__.cpython-312.pyc
/home/t103/ros2_ws/install/icp_package/lib/python3.12/site-packages/icp_package/hw5_all/OGM_files/__pycache__/log_odds_sim.cpython-312.pyc
/home/t103/ros2_ws/install/icp_package/share/ament_index/resource_index/packages/icp_package
/home/t103/ros2_ws/install/icp_package/share/icp_package/package.xml
/home/t103/ros2_ws/install/icp_package/lib/python3.12/site-packages/icp_package-0.0.0-py3.12.egg-info/requires.txt
/home/t103/ros2_ws/install/icp_package/lib/python3.12/site-packages/icp_package-0.0.0-py3.12.egg-info/entry_points.txt
/home/t103/ros2_ws/install/icp_package/lib/python3.12/site-packages/icp_package-0.0.0-py3.12.egg-info/zip-safe
/home/t103/ros2_ws/install/icp_package/lib/python3.12/site-packages/icp_package-0.0.0-py3.12.egg-info/SOURCES.txt
/home/t103/ros2_ws/install/icp_package/lib/python3.12/site-packages/icp_package-0.0.0-py3.12.egg-info/dependency_links.txt
/home/t103/ros2_ws/install/icp_package/lib/python3.12/site-packages/icp_package-0.0.0-py3.12.egg-info/top_level.txt
/home/t103/ros2_ws/install/icp_package/lib/python3.12/site-packages/icp_package-0.0.0-py3.12.egg-info/PKG-INFO
/home/t103/ros2_ws/install/icp_package/lib/icp_package/ogm
/home/t103/ros2_ws/install/icp_package/lib/icp_package/particle
/home/t103/ros2_ws/install/icp_package/lib/icp_package/scan_match
/home/t103/ros2_ws/install/icp_package/lib/icp_package/scan_merge
