[0.583s] Invoking command in '/home/t103/ros2_ws/src/icp_package': DEBUGINFOD_URLS=https://debuginfod.ubuntu.com PYTHONPATH=/home/t103/ros2_ws/build/icp_package/prefix_override:/usr/lib/python3/dist-packages/colcon_core/task/python/colcon_distutils_commands:/home/t103/ros2_ws/install/icp_package/lib/python3.12/site-packages:${PYTHONPATH} /usr/bin/python3 -W ignore:setup.py install is deprecated -W ignore:easy_install command is deprecated setup.py egg_info --egg-base ../../build/icp_package build --build-base /home/t103/ros2_ws/build/icp_package/build install --record /home/t103/ros2_ws/build/icp_package/install.log --install-scripts $base/lib/icp_package --single-version-externally-managed install_data
[0.778s] running egg_info
[0.790s] writing ../../build/icp_package/icp_package.egg-info/PKG-INFO
[0.790s] writing dependency_links to ../../build/icp_package/icp_package.egg-info/dependency_links.txt
[0.790s] writing entry points to ../../build/icp_package/icp_package.egg-info/entry_points.txt
[0.790s] writing requirements to ../../build/icp_package/icp_package.egg-info/requires.txt
[0.791s] writing top-level names to ../../build/icp_package/icp_package.egg-info/top_level.txt
[0.816s] reading manifest file '../../build/icp_package/icp_package.egg-info/SOURCES.txt'
[0.817s] writing manifest file '../../build/icp_package/icp_package.egg-info/SOURCES.txt'
[0.817s] running build
[0.817s] running build_py
[0.817s] running install
[0.821s] running install_lib
[0.834s] running install_data
[0.834s] running install_egg_info
[0.848s] removing '/home/t103/ros2_ws/install/icp_package/lib/python3.12/site-packages/icp_package-0.0.0-py3.12.egg-info' (and everything under it)
[0.848s] Copying ../../build/icp_package/icp_package.egg-info to /home/t103/ros2_ws/install/icp_package/lib/python3.12/site-packages/icp_package-0.0.0-py3.12.egg-info
[0.848s] running install_scripts
[0.935s] Installing scan_match script to /home/t103/ros2_ws/install/icp_package/lib/icp_package
[0.936s] Installing scan_merge script to /home/t103/ros2_ws/install/icp_package/lib/icp_package
[0.936s] writing list of installed files to '/home/t103/ros2_ws/build/icp_package/install.log'
[0.957s] Invoked command in '/home/t103/ros2_ws/src/icp_package' returned '0': DEBUGINFOD_URLS=https://debuginfod.ubuntu.com PYTHONPATH=/home/t103/ros2_ws/build/icp_package/prefix_override:/usr/lib/python3/dist-packages/colcon_core/task/python/colcon_distutils_commands:/home/t103/ros2_ws/install/icp_package/lib/python3.12/site-packages:${PYTHONPATH} /usr/bin/python3 -W ignore:setup.py install is deprecated -W ignore:easy_install command is deprecated setup.py egg_info --egg-base ../../build/icp_package build --build-base /home/t103/ros2_ws/build/icp_package/build install --record /home/t103/ros2_ws/build/icp_package/install.log --install-scripts $base/lib/icp_package --single-version-externally-managed install_data
