running egg_info
creating ../../build/tb3_yaw_fusion/tb3_yaw_fusion.egg-info
writing ../../build/tb3_yaw_fusion/tb3_yaw_fusion.egg-info/PKG-INFO
writing dependency_links to ../../build/tb3_yaw_fusion/tb3_yaw_fusion.egg-info/dependency_links.txt
writing entry points to ../../build/tb3_yaw_fusion/tb3_yaw_fusion.egg-info/entry_points.txt
writing requirements to ../../build/tb3_yaw_fusion/tb3_yaw_fusion.egg-info/requires.txt
writing top-level names to ../../build/tb3_yaw_fusion/tb3_yaw_fusion.egg-info/top_level.txt
writing manifest file '../../build/tb3_yaw_fusion/tb3_yaw_fusion.egg-info/SOURCES.txt'
reading manifest file '../../build/tb3_yaw_fusion/tb3_yaw_fusion.egg-info/SOURCES.txt'
writing manifest file '../../build/tb3_yaw_fusion/tb3_yaw_fusion.egg-info/SOURCES.txt'
running build
running build_py
creating /home/t103/ros2_ws/build/tb3_yaw_fusion/build
creating /home/t103/ros2_ws/build/tb3_yaw_fusion/build/lib
creating /home/t103/ros2_ws/build/tb3_yaw_fusion/build/lib/tb3_yaw_fusion
copying tb3_yaw_fusion/__init__.py -> /home/t103/ros2_ws/build/tb3_yaw_fusion/build/lib/tb3_yaw_fusion
copying tb3_yaw_fusion/imu_yaw_integrator.py -> /home/t103/ros2_ws/build/tb3_yaw_fusion/build/lib/tb3_yaw_fusion
running install
running install_lib
creating /home/t103/ros2_ws/install/tb3_yaw_fusion/lib/python3.12/site-packages/tb3_yaw_fusion
copying /home/t103/ros2_ws/build/tb3_yaw_fusion/build/lib/tb3_yaw_fusion/__init__.py -> /home/t103/ros2_ws/install/tb3_yaw_fusion/lib/python3.12/site-packages/tb3_yaw_fusion
copying /home/t103/ros2_ws/build/tb3_yaw_fusion/build/lib/tb3_yaw_fusion/imu_yaw_integrator.py -> /home/t103/ros2_ws/install/tb3_yaw_fusion/lib/python3.12/site-packages/tb3_yaw_fusion
byte-compiling /home/t103/ros2_ws/install/tb3_yaw_fusion/lib/python3.12/site-packages/tb3_yaw_fusion/__init__.py to __init__.cpython-312.pyc
byte-compiling /home/t103/ros2_ws/install/tb3_yaw_fusion/lib/python3.12/site-packages/tb3_yaw_fusion/imu_yaw_integrator.py to imu_yaw_integrator.cpython-312.pyc
running install_data
creating /home/t103/ros2_ws/install/tb3_yaw_fusion/share/ament_index
creating /home/t103/ros2_ws/install/tb3_yaw_fusion/share/ament_index/resource_index
creating /home/t103/ros2_ws/install/tb3_yaw_fusion/share/ament_index/resource_index/packages
copying resource/tb3_yaw_fusion -> /home/t103/ros2_ws/install/tb3_yaw_fusion/share/ament_index/resource_index/packages
copying package.xml -> /home/t103/ros2_ws/install/tb3_yaw_fusion/share/tb3_yaw_fusion
running install_egg_info
Copying ../../build/tb3_yaw_fusion/tb3_yaw_fusion.egg-info to /home/t103/ros2_ws/install/tb3_yaw_fusion/lib/python3.12/site-packages/tb3_yaw_fusion-0.0.0-py3.12.egg-info
running install_scripts
Installing listener script to /home/t103/ros2_ws/install/tb3_yaw_fusion/lib/tb3_yaw_fusion
writing list of installed files to '/home/t103/ros2_ws/build/tb3_yaw_fusion/install.log'
