/home/t103/ros2_ws/install/tb3_yaw_fusion/lib/python3.12/site-packages/tb3_yaw_fusion/odom_yaw_extractor.py
/home/t103/ros2_ws/install/tb3_yaw_fusion/lib/python3.12/site-packages/tb3_yaw_fusion/utils.py
/home/t103/ros2_ws/install/tb3_yaw_fusion/lib/python3.12/site-packages/tb3_yaw_fusion/__init__.py
/home/t103/ros2_ws/install/tb3_yaw_fusion/lib/python3.12/site-packages/tb3_yaw_fusion/complementary_yaw_fusion.py
/home/t103/ros2_ws/install/tb3_yaw_fusion/lib/python3.12/site-packages/tb3_yaw_fusion/imu_yaw_integrator.py
/home/t103/ros2_ws/install/tb3_yaw_fusion/lib/python3.12/site-packages/tb3_yaw_fusion/__pycache__/odom_yaw_extractor.cpython-312.pyc
/home/t103/ros2_ws/install/tb3_yaw_fusion/lib/python3.12/site-packages/tb3_yaw_fusion/__pycache__/utils.cpython-312.pyc
/home/t103/ros2_ws/install/tb3_yaw_fusion/lib/python3.12/site-packages/tb3_yaw_fusion/__pycache__/__init__.cpython-312.pyc
/home/t103/ros2_ws/install/tb3_yaw_fusion/lib/python3.12/site-packages/tb3_yaw_fusion/__pycache__/complementary_yaw_fusion.cpython-312.pyc
/home/t103/ros2_ws/install/tb3_yaw_fusion/lib/python3.12/site-packages/tb3_yaw_fusion/__pycache__/imu_yaw_integrator.cpython-312.pyc
/home/t103/ros2_ws/install/tb3_yaw_fusion/share/ament_index/resource_index/packages/tb3_yaw_fusion
/home/t103/ros2_ws/install/tb3_yaw_fusion/share/tb3_yaw_fusion/package.xml
/home/t103/ros2_ws/install/tb3_yaw_fusion/lib/python3.12/site-packages/tb3_yaw_fusion-0.0.0-py3.12.egg-info/requires.txt
/home/t103/ros2_ws/install/tb3_yaw_fusion/lib/python3.12/site-packages/tb3_yaw_fusion-0.0.0-py3.12.egg-info/entry_points.txt
/home/t103/ros2_ws/install/tb3_yaw_fusion/lib/python3.12/site-packages/tb3_yaw_fusion-0.0.0-py3.12.egg-info/zip-safe
/home/t103/ros2_ws/install/tb3_yaw_fusion/lib/python3.12/site-packages/tb3_yaw_fusion-0.0.0-py3.12.egg-info/SOURCES.txt
/home/t103/ros2_ws/install/tb3_yaw_fusion/lib/python3.12/site-packages/tb3_yaw_fusion-0.0.0-py3.12.egg-info/dependency_links.txt
/home/t103/ros2_ws/install/tb3_yaw_fusion/lib/python3.12/site-packages/tb3_yaw_fusion-0.0.0-py3.12.egg-info/top_level.txt
/home/t103/ros2_ws/install/tb3_yaw_fusion/lib/python3.12/site-packages/tb3_yaw_fusion-0.0.0-py3.12.egg-info/PKG-INFO
/home/t103/ros2_ws/install/tb3_yaw_fusion/lib/tb3_yaw_fusion/complementary_yaw_fusion
/home/t103/ros2_ws/install/tb3_yaw_fusion/lib/tb3_yaw_fusion/imu_listener
/home/t103/ros2_ws/install/tb3_yaw_fusion/lib/tb3_yaw_fusion/odom_listener
