running egg_info
writing ../../build/tb3_yaw_fusion/tb3_yaw_fusion.egg-info/PKG-INFO
writing dependency_links to ../../build/tb3_yaw_fusion/tb3_yaw_fusion.egg-info/dependency_links.txt
writing entry points to ../../build/tb3_yaw_fusion/tb3_yaw_fusion.egg-info/entry_points.txt
writing requirements to ../../build/tb3_yaw_fusion/tb3_yaw_fusion.egg-info/requires.txt
writing top-level names to ../../build/tb3_yaw_fusion/tb3_yaw_fusion.egg-info/top_level.txt
reading manifest file '../../build/tb3_yaw_fusion/tb3_yaw_fusion.egg-info/SOURCES.txt'
writing manifest file '../../build/tb3_yaw_fusion/tb3_yaw_fusion.egg-info/SOURCES.txt'
running build
running build_py
running install
running install_lib
running install_data
running install_egg_info
removing '/home/t103/ros2_ws/install/tb3_yaw_fusion/lib/python3.12/site-packages/tb3_yaw_fusion-0.0.0-py3.12.egg-info' (and everything under it)
Copying ../../build/tb3_yaw_fusion/tb3_yaw_fusion.egg-info to /home/t103/ros2_ws/install/tb3_yaw_fusion/lib/python3.12/site-packages/tb3_yaw_fusion-0.0.0-py3.12.egg-info
running install_scripts
Installing complementary_filter script to /home/t103/ros2_ws/install/tb3_yaw_fusion/lib/tb3_yaw_fusion
Installing imu_listener script to /home/t103/ros2_ws/install/tb3_yaw_fusion/lib/tb3_yaw_fusion
Installing odom_listener script to /home/t103/ros2_ws/install/tb3_yaw_fusion/lib/tb3_yaw_fusion
writing list of installed files to '/home/t103/ros2_ws/build/tb3_yaw_fusion/install.log'
